Archive member included to satisfy reference by file (symbol)

c:/program files (x86)/atmel/studio/7.0/toolchain/avr8/avr8-gnu-toolchain/bin/../lib/gcc/avr/5.4.0/avr5\libgcc.a(_exit.o)
                              C:/Program Files (x86)/Atmel/Studio/7.0/Packs/atmel/ATmega_DFP/1.7.374/gcc/dev/atmega32a/avr5/crtatmega32a.o (exit)
c:/program files (x86)/atmel/studio/7.0/toolchain/avr8/avr8-gnu-toolchain/bin/../lib/gcc/avr/5.4.0/avr5\libgcc.a(_copy_data.o)
                              APP/APP.o (__do_copy_data)
c:/program files (x86)/atmel/studio/7.0/toolchain/avr8/avr8-gnu-toolchain/bin/../lib/gcc/avr/5.4.0/avr5\libgcc.a(_clear_bss.o)
                              APP/APP.o (__do_clear_bss)

Discarded input sections

 .data          0x00000000        0x0 C:/Program Files (x86)/Atmel/Studio/7.0/Packs/atmel/ATmega_DFP/1.7.374/gcc/dev/atmega32a/avr5/crtatmega32a.o
 .bss           0x00000000        0x0 C:/Program Files (x86)/Atmel/Studio/7.0/Packs/atmel/ATmega_DFP/1.7.374/gcc/dev/atmega32a/avr5/crtatmega32a.o
 .text          0x00000000        0x0 APP/APP.o
 .data          0x00000000        0x0 APP/APP.o
 .bss           0x00000000        0x0 APP/APP.o
 .text          0x00000000        0x0 ECUAL/LED/LED.o
 .data          0x00000000        0x0 ECUAL/LED/LED.o
 .bss           0x00000000        0x0 ECUAL/LED/LED.o
 .text          0x00000000        0x0 ECUAL/PUSH_BUTTON/PUSH_BUTTON.o
 .data          0x00000000        0x0 ECUAL/PUSH_BUTTON/PUSH_BUTTON.o
 .bss           0x00000000        0x0 ECUAL/PUSH_BUTTON/PUSH_BUTTON.o
 .text          0x00000000        0x0 main.o
 .data          0x00000000        0x0 main.o
 .bss           0x00000000        0x0 main.o
 .text          0x00000000        0x0 MCAL/DIO/DIO.o
 .data          0x00000000        0x0 MCAL/DIO/DIO.o
 .bss           0x00000000        0x0 MCAL/DIO/DIO.o
 .text.DIO_u8GetPinValue
                0x00000000       0xbc MCAL/DIO/DIO.o
 .text          0x00000000        0x0 MCAL/EXT_INT/EXT_INT.o
 .data          0x00000000        0x0 MCAL/EXT_INT/EXT_INT.o
 .bss           0x00000000        0x0 MCAL/EXT_INT/EXT_INT.o
 .text.EXTI_voidINT2Init
                0x00000000        0xe MCAL/EXT_INT/EXT_INT.o
 .text.GI_voidDisable
                0x00000000        0x8 MCAL/EXT_INT/EXT_INT.o
 .text          0x00000000        0x0 MCAL/TIMER/TIMER.o
 .data          0x00000000        0x0 MCAL/TIMER/TIMER.o
 .bss           0x00000000        0x0 MCAL/TIMER/TIMER.o
 .text.TMR_voidTMR0SetPreLoad
                0x00000000        0x4 MCAL/TIMER/TIMER.o
 .text.TMR_voidTMR0SetCompareMatcValue
                0x00000000        0x4 MCAL/TIMER/TIMER.o
 .text          0x00000000        0x0 Testing Modules/BUTTON_Test.o
 .data          0x00000000        0x0 Testing Modules/BUTTON_Test.o
 .bss           0x00000000        0x0 Testing Modules/BUTTON_Test.o
 .text.BUTTON_DRIVER_TEST
                0x00000000       0x46 Testing Modules/BUTTON_Test.o
 .debug_info    0x00000000      0x17d Testing Modules/BUTTON_Test.o
 .debug_abbrev  0x00000000       0x9b Testing Modules/BUTTON_Test.o
 .debug_loc     0x00000000       0x48 Testing Modules/BUTTON_Test.o
 .debug_aranges
                0x00000000       0x20 Testing Modules/BUTTON_Test.o
 .debug_ranges  0x00000000       0x10 Testing Modules/BUTTON_Test.o
 .debug_line    0x00000000      0x138 Testing Modules/BUTTON_Test.o
 .debug_str     0x00000000      0x215 Testing Modules/BUTTON_Test.o
 .comment       0x00000000       0x31 Testing Modules/BUTTON_Test.o
 .debug_frame   0x00000000       0x34 Testing Modules/BUTTON_Test.o
 .text          0x00000000        0x0 Testing Modules/DIO_Test.o
 .data          0x00000000        0x0 Testing Modules/DIO_Test.o
 .bss           0x00000000        0x0 Testing Modules/DIO_Test.o
 .text.DIO_DRIVER_TEST
                0x00000000       0x4e Testing Modules/DIO_Test.o
 .debug_info    0x00000000      0x179 Testing Modules/DIO_Test.o
 .debug_abbrev  0x00000000       0x98 Testing Modules/DIO_Test.o
 .debug_loc     0x00000000       0x48 Testing Modules/DIO_Test.o
 .debug_aranges
                0x00000000       0x20 Testing Modules/DIO_Test.o
 .debug_ranges  0x00000000       0x10 Testing Modules/DIO_Test.o
 .debug_line    0x00000000      0x101 Testing Modules/DIO_Test.o
 .debug_str     0x00000000      0x20f Testing Modules/DIO_Test.o
 .comment       0x00000000       0x31 Testing Modules/DIO_Test.o
 .debug_frame   0x00000000       0x34 Testing Modules/DIO_Test.o
 .text          0x00000000        0x0 Testing Modules/EXT_INT_Test.o
 .data          0x00000000        0x0 Testing Modules/EXT_INT_Test.o
 .bss           0x00000000        0x0 Testing Modules/EXT_INT_Test.o
 .text.EXT_INT_DRIVER_TEST
                0x00000000       0x12 Testing Modules/EXT_INT_Test.o
 .debug_info    0x00000000       0xf5 Testing Modules/EXT_INT_Test.o
 .debug_abbrev  0x00000000       0x7d Testing Modules/EXT_INT_Test.o
 .debug_aranges
                0x00000000       0x20 Testing Modules/EXT_INT_Test.o
 .debug_ranges  0x00000000       0x10 Testing Modules/EXT_INT_Test.o
 .debug_line    0x00000000       0xf8 Testing Modules/EXT_INT_Test.o
 .debug_str     0x00000000      0x204 Testing Modules/EXT_INT_Test.o
 .comment       0x00000000       0x31 Testing Modules/EXT_INT_Test.o
 .debug_frame   0x00000000       0x24 Testing Modules/EXT_INT_Test.o
 .text          0x00000000        0x0 Testing Modules/LED_Test.o
 .data          0x00000000        0x0 Testing Modules/LED_Test.o
 .bss           0x00000000        0x0 Testing Modules/LED_Test.o
 .text.LED_DRIVER_TEST
                0x00000000       0x24 Testing Modules/LED_Test.o
 .debug_info    0x00000000      0x158 Testing Modules/LED_Test.o
 .debug_abbrev  0x00000000       0xad Testing Modules/LED_Test.o
 .debug_aranges
                0x00000000       0x20 Testing Modules/LED_Test.o
 .debug_ranges  0x00000000       0x10 Testing Modules/LED_Test.o
 .debug_line    0x00000000       0xfc Testing Modules/LED_Test.o
 .debug_str     0x00000000      0x1ff Testing Modules/LED_Test.o
 .comment       0x00000000       0x31 Testing Modules/LED_Test.o
 .debug_frame   0x00000000       0x24 Testing Modules/LED_Test.o
 .text          0x00000000        0x0 Testing Modules/TIMER_Test.o
 .data          0x00000000        0x0 Testing Modules/TIMER_Test.o
 .bss           0x00000000        0x0 Testing Modules/TIMER_Test.o
 .text.TIMER_DRIVER_TEST
                0x00000000       0x22 Testing Modules/TIMER_Test.o
 .debug_info    0x00000000      0x172 Testing Modules/TIMER_Test.o
 .debug_abbrev  0x00000000       0x9f Testing Modules/TIMER_Test.o
 .debug_aranges
                0x00000000       0x20 Testing Modules/TIMER_Test.o
 .debug_ranges  0x00000000       0x10 Testing Modules/TIMER_Test.o
 .debug_line    0x00000000       0xb4 Testing Modules/TIMER_Test.o
 .debug_str     0x00000000      0x228 Testing Modules/TIMER_Test.o
 .comment       0x00000000       0x31 Testing Modules/TIMER_Test.o
 .debug_frame   0x00000000       0x24 Testing Modules/TIMER_Test.o
 .text          0x00000000        0x0 c:/program files (x86)/atmel/studio/7.0/toolchain/avr8/avr8-gnu-toolchain/bin/../lib/gcc/avr/5.4.0/avr5\libgcc.a(_exit.o)
 .data          0x00000000        0x0 c:/program files (x86)/atmel/studio/7.0/toolchain/avr8/avr8-gnu-toolchain/bin/../lib/gcc/avr/5.4.0/avr5\libgcc.a(_exit.o)
 .bss           0x00000000        0x0 c:/program files (x86)/atmel/studio/7.0/toolchain/avr8/avr8-gnu-toolchain/bin/../lib/gcc/avr/5.4.0/avr5\libgcc.a(_exit.o)
 .text.libgcc.mul
                0x00000000        0x0 c:/program files (x86)/atmel/studio/7.0/toolchain/avr8/avr8-gnu-toolchain/bin/../lib/gcc/avr/5.4.0/avr5\libgcc.a(_exit.o)
 .text.libgcc.div
                0x00000000        0x0 c:/program files (x86)/atmel/studio/7.0/toolchain/avr8/avr8-gnu-toolchain/bin/../lib/gcc/avr/5.4.0/avr5\libgcc.a(_exit.o)
 .text.libgcc   0x00000000        0x0 c:/program files (x86)/atmel/studio/7.0/toolchain/avr8/avr8-gnu-toolchain/bin/../lib/gcc/avr/5.4.0/avr5\libgcc.a(_exit.o)
 .text.libgcc.prologue
                0x00000000        0x0 c:/program files (x86)/atmel/studio/7.0/toolchain/avr8/avr8-gnu-toolchain/bin/../lib/gcc/avr/5.4.0/avr5\libgcc.a(_exit.o)
 .text.libgcc.builtins
                0x00000000        0x0 c:/program files (x86)/atmel/studio/7.0/toolchain/avr8/avr8-gnu-toolchain/bin/../lib/gcc/avr/5.4.0/avr5\libgcc.a(_exit.o)
 .text.libgcc.fmul
                0x00000000        0x0 c:/program files (x86)/atmel/studio/7.0/toolchain/avr8/avr8-gnu-toolchain/bin/../lib/gcc/avr/5.4.0/avr5\libgcc.a(_exit.o)
 .text.libgcc.fixed
                0x00000000        0x0 c:/program files (x86)/atmel/studio/7.0/toolchain/avr8/avr8-gnu-toolchain/bin/../lib/gcc/avr/5.4.0/avr5\libgcc.a(_exit.o)
 .text          0x00000000        0x0 c:/program files (x86)/atmel/studio/7.0/toolchain/avr8/avr8-gnu-toolchain/bin/../lib/gcc/avr/5.4.0/avr5\libgcc.a(_copy_data.o)
 .data          0x00000000        0x0 c:/program files (x86)/atmel/studio/7.0/toolchain/avr8/avr8-gnu-toolchain/bin/../lib/gcc/avr/5.4.0/avr5\libgcc.a(_copy_data.o)
 .bss           0x00000000        0x0 c:/program files (x86)/atmel/studio/7.0/toolchain/avr8/avr8-gnu-toolchain/bin/../lib/gcc/avr/5.4.0/avr5\libgcc.a(_copy_data.o)
 .text.libgcc.mul
                0x00000000        0x0 c:/program files (x86)/atmel/studio/7.0/toolchain/avr8/avr8-gnu-toolchain/bin/../lib/gcc/avr/5.4.0/avr5\libgcc.a(_copy_data.o)
 .text.libgcc.div
                0x00000000        0x0 c:/program files (x86)/atmel/studio/7.0/toolchain/avr8/avr8-gnu-toolchain/bin/../lib/gcc/avr/5.4.0/avr5\libgcc.a(_copy_data.o)
 .text.libgcc   0x00000000        0x0 c:/program files (x86)/atmel/studio/7.0/toolchain/avr8/avr8-gnu-toolchain/bin/../lib/gcc/avr/5.4.0/avr5\libgcc.a(_copy_data.o)
 .text.libgcc.prologue
                0x00000000        0x0 c:/program files (x86)/atmel/studio/7.0/toolchain/avr8/avr8-gnu-toolchain/bin/../lib/gcc/avr/5.4.0/avr5\libgcc.a(_copy_data.o)
 .text.libgcc.builtins
                0x00000000        0x0 c:/program files (x86)/atmel/studio/7.0/toolchain/avr8/avr8-gnu-toolchain/bin/../lib/gcc/avr/5.4.0/avr5\libgcc.a(_copy_data.o)
 .text.libgcc.fmul
                0x00000000        0x0 c:/program files (x86)/atmel/studio/7.0/toolchain/avr8/avr8-gnu-toolchain/bin/../lib/gcc/avr/5.4.0/avr5\libgcc.a(_copy_data.o)
 .text.libgcc.fixed
                0x00000000        0x0 c:/program files (x86)/atmel/studio/7.0/toolchain/avr8/avr8-gnu-toolchain/bin/../lib/gcc/avr/5.4.0/avr5\libgcc.a(_copy_data.o)
 .text          0x00000000        0x0 c:/program files (x86)/atmel/studio/7.0/toolchain/avr8/avr8-gnu-toolchain/bin/../lib/gcc/avr/5.4.0/avr5\libgcc.a(_clear_bss.o)
 .data          0x00000000        0x0 c:/program files (x86)/atmel/studio/7.0/toolchain/avr8/avr8-gnu-toolchain/bin/../lib/gcc/avr/5.4.0/avr5\libgcc.a(_clear_bss.o)
 .bss           0x00000000        0x0 c:/program files (x86)/atmel/studio/7.0/toolchain/avr8/avr8-gnu-toolchain/bin/../lib/gcc/avr/5.4.0/avr5\libgcc.a(_clear_bss.o)
 .text.libgcc.mul
                0x00000000        0x0 c:/program files (x86)/atmel/studio/7.0/toolchain/avr8/avr8-gnu-toolchain/bin/../lib/gcc/avr/5.4.0/avr5\libgcc.a(_clear_bss.o)
 .text.libgcc.div
                0x00000000        0x0 c:/program files (x86)/atmel/studio/7.0/toolchain/avr8/avr8-gnu-toolchain/bin/../lib/gcc/avr/5.4.0/avr5\libgcc.a(_clear_bss.o)
 .text.libgcc   0x00000000        0x0 c:/program files (x86)/atmel/studio/7.0/toolchain/avr8/avr8-gnu-toolchain/bin/../lib/gcc/avr/5.4.0/avr5\libgcc.a(_clear_bss.o)
 .text.libgcc.prologue
                0x00000000        0x0 c:/program files (x86)/atmel/studio/7.0/toolchain/avr8/avr8-gnu-toolchain/bin/../lib/gcc/avr/5.4.0/avr5\libgcc.a(_clear_bss.o)
 .text.libgcc.builtins
                0x00000000        0x0 c:/program files (x86)/atmel/studio/7.0/toolchain/avr8/avr8-gnu-toolchain/bin/../lib/gcc/avr/5.4.0/avr5\libgcc.a(_clear_bss.o)
 .text.libgcc.fmul
                0x00000000        0x0 c:/program files (x86)/atmel/studio/7.0/toolchain/avr8/avr8-gnu-toolchain/bin/../lib/gcc/avr/5.4.0/avr5\libgcc.a(_clear_bss.o)
 .text.libgcc.fixed
                0x00000000        0x0 c:/program files (x86)/atmel/studio/7.0/toolchain/avr8/avr8-gnu-toolchain/bin/../lib/gcc/avr/5.4.0/avr5\libgcc.a(_clear_bss.o)

Memory Configuration

Name             Origin             Length             Attributes
text             0x00000000         0x00008000         xr
data             0x00800060         0x00000800         rw !x
eeprom           0x00810000         0x00000400         rw !x
fuse             0x00820000         0x00000002         rw !x
lock             0x00830000         0x00000400         rw !x
signature        0x00840000         0x00000400         rw !x
user_signatures  0x00850000         0x00000400         rw !x
*default*        0x00000000         0xffffffff

Linker script and memory map

LOAD C:/Program Files (x86)/Atmel/Studio/7.0/Packs/atmel/ATmega_DFP/1.7.374/gcc/dev/atmega32a/avr5/crtatmega32a.o
LOAD APP/APP.o
LOAD ECUAL/LED/LED.o
LOAD ECUAL/PUSH_BUTTON/PUSH_BUTTON.o
LOAD main.o
LOAD MCAL/DIO/DIO.o
LOAD MCAL/EXT_INT/EXT_INT.o
LOAD MCAL/TIMER/TIMER.o
LOAD Testing Modules/BUTTON_Test.o
LOAD Testing Modules/DIO_Test.o
LOAD Testing Modules/EXT_INT_Test.o
LOAD Testing Modules/LED_Test.o
LOAD Testing Modules/TIMER_Test.o
START GROUP
LOAD c:/program files (x86)/atmel/studio/7.0/toolchain/avr8/avr8-gnu-toolchain/bin/../lib/gcc/avr/5.4.0/../../../../avr/lib/avr5\libm.a
END GROUP
START GROUP
LOAD c:/program files (x86)/atmel/studio/7.0/toolchain/avr8/avr8-gnu-toolchain/bin/../lib/gcc/avr/5.4.0/avr5\libgcc.a
LOAD c:/program files (x86)/atmel/studio/7.0/toolchain/avr8/avr8-gnu-toolchain/bin/../lib/gcc/avr/5.4.0/../../../../avr/lib/avr5\libm.a
LOAD c:/program files (x86)/atmel/studio/7.0/toolchain/avr8/avr8-gnu-toolchain/bin/../lib/gcc/avr/5.4.0/../../../../avr/lib/avr5\libc.a
LOAD C:/Program Files (x86)/Atmel/Studio/7.0/Packs/atmel/ATmega_DFP/1.7.374/gcc/dev/atmega32a/avr5\libatmega32a.a
END GROUP
                [0x00000000]                __TEXT_REGION_ORIGIN__ = DEFINED (__TEXT_REGION_ORIGIN__)?__TEXT_REGION_ORIGIN__:0x0
                [0x00800060]                __DATA_REGION_ORIGIN__ = DEFINED (__DATA_REGION_ORIGIN__)?__DATA_REGION_ORIGIN__:0x800060
                [0x00008000]                __TEXT_REGION_LENGTH__ = DEFINED (__TEXT_REGION_LENGTH__)?__TEXT_REGION_LENGTH__:0x20000
                [0x00000800]                __DATA_REGION_LENGTH__ = DEFINED (__DATA_REGION_LENGTH__)?__DATA_REGION_LENGTH__:0xffa0
                [0x00000400]                __EEPROM_REGION_LENGTH__ = DEFINED (__EEPROM_REGION_LENGTH__)?__EEPROM_REGION_LENGTH__:0x10000
                [0x00000002]                __FUSE_REGION_LENGTH__ = DEFINED (__FUSE_REGION_LENGTH__)?__FUSE_REGION_LENGTH__:0x400
                0x00000400                __LOCK_REGION_LENGTH__ = DEFINED (__LOCK_REGION_LENGTH__)?__LOCK_REGION_LENGTH__:0x400
                0x00000400                __SIGNATURE_REGION_LENGTH__ = DEFINED (__SIGNATURE_REGION_LENGTH__)?__SIGNATURE_REGION_LENGTH__:0x400
                0x00000400                __USER_SIGNATURE_REGION_LENGTH__ = DEFINED (__USER_SIGNATURE_REGION_LENGTH__)?__USER_SIGNATURE_REGION_LENGTH__:0x400

.hash
 *(.hash)

.dynsym
 *(.dynsym)

.dynstr
 *(.dynstr)

.gnu.version
 *(.gnu.version)

.gnu.version_d
 *(.gnu.version_d)

.gnu.version_r
 *(.gnu.version_r)

.rel.init
 *(.rel.init)

.rela.init
 *(.rela.init)

.rel.text
 *(.rel.text)
 *(.rel.text.*)
 *(.rel.gnu.linkonce.t*)

.rela.text
 *(.rela.text)
 *(.rela.text.*)
 *(.rela.gnu.linkonce.t*)

.rel.fini
 *(.rel.fini)

.rela.fini
 *(.rela.fini)

.rel.rodata
 *(.rel.rodata)
 *(.rel.rodata.*)
 *(.rel.gnu.linkonce.r*)

.rela.rodata
 *(.rela.rodata)
 *(.rela.rodata.*)
 *(.rela.gnu.linkonce.r*)

.rel.data
 *(.rel.data)
 *(.rel.data.*)
 *(.rel.gnu.linkonce.d*)

.rela.data
 *(.rela.data)
 *(.rela.data.*)
 *(.rela.gnu.linkonce.d*)

.rel.ctors
 *(.rel.ctors)

.rela.ctors
 *(.rela.ctors)

.rel.dtors
 *(.rel.dtors)

.rela.dtors
 *(.rela.dtors)

.rel.got
 *(.rel.got)

.rela.got
 *(.rela.got)

.rel.bss
 *(.rel.bss)

.rela.bss
 *(.rela.bss)

.rel.plt
 *(.rel.plt)

.rela.plt
 *(.rela.plt)

.text           0x00000000      0x93a
 *(.vectors)
 .vectors       0x00000000       0x54 C:/Program Files (x86)/Atmel/Studio/7.0/Packs/atmel/ATmega_DFP/1.7.374/gcc/dev/atmega32a/avr5/crtatmega32a.o
                0x00000000                __vector_default
                0x00000000                __vectors
 *(.vectors)
 *(.progmem.gcc*)
                0x00000054                . = ALIGN (0x2)
                0x00000054                __trampolines_start = .
 *(.trampolines)
 .trampolines   0x00000054        0x0 linker stubs
 *(.trampolines*)
                0x00000054                __trampolines_end = .
 *libprintf_flt.a:*(.progmem.data)
 *libc.a:*(.progmem.data)
 *(.progmem*)
                0x00000054                . = ALIGN (0x2)
 *(.jumptables)
 *(.jumptables*)
 *(.lowtext)
 *(.lowtext*)
                0x00000054                __ctors_start = .
 *(.ctors)
                0x00000054                __ctors_end = .
                0x00000054                __dtors_start = .
 *(.dtors)
                0x00000054                __dtors_end = .
 SORT(*)(.ctors)
 SORT(*)(.dtors)
 *(.init0)
 .init0         0x00000054        0x0 C:/Program Files (x86)/Atmel/Studio/7.0/Packs/atmel/ATmega_DFP/1.7.374/gcc/dev/atmega32a/avr5/crtatmega32a.o
                0x00000054                __init
 *(.init0)
 *(.init1)
 *(.init1)
 *(.init2)
 .init2         0x00000054        0xc C:/Program Files (x86)/Atmel/Studio/7.0/Packs/atmel/ATmega_DFP/1.7.374/gcc/dev/atmega32a/avr5/crtatmega32a.o
 *(.init2)
 *(.init3)
 *(.init3)
 *(.init4)
 .init4         0x00000060       0x16 c:/program files (x86)/atmel/studio/7.0/toolchain/avr8/avr8-gnu-toolchain/bin/../lib/gcc/avr/5.4.0/avr5\libgcc.a(_copy_data.o)
                0x00000060                __do_copy_data
 .init4         0x00000076       0x10 c:/program files (x86)/atmel/studio/7.0/toolchain/avr8/avr8-gnu-toolchain/bin/../lib/gcc/avr/5.4.0/avr5\libgcc.a(_clear_bss.o)
                0x00000076                __do_clear_bss
 *(.init4)
 *(.init5)
 *(.init5)
 *(.init6)
 *(.init6)
 *(.init7)
 *(.init7)
 *(.init8)
 *(.init8)
 *(.init9)
 .init9         0x00000086        0x8 C:/Program Files (x86)/Atmel/Studio/7.0/Packs/atmel/ATmega_DFP/1.7.374/gcc/dev/atmega32a/avr5/crtatmega32a.o
 *(.init9)
 *(.text)
 .text          0x0000008e        0x4 C:/Program Files (x86)/Atmel/Studio/7.0/Packs/atmel/ATmega_DFP/1.7.374/gcc/dev/atmega32a/avr5/crtatmega32a.o
                0x0000008e                __vector_12
                0x0000008e                __bad_interrupt
                0x0000008e                __vector_6
                0x0000008e                __vector_3
                0x0000008e                __vector_11
                0x0000008e                __vector_13
                0x0000008e                __vector_17
                0x0000008e                __vector_19
                0x0000008e                __vector_7
                0x0000008e                __vector_5
                0x0000008e                __vector_4
                0x0000008e                __vector_9
                0x0000008e                __vector_2
                0x0000008e                __vector_15
                0x0000008e                __vector_8
                0x0000008e                __vector_14
                0x0000008e                __vector_10
                0x0000008e                __vector_16
                0x0000008e                __vector_18
                0x0000008e                __vector_20
                0x00000092                . = ALIGN (0x2)
 *(.text.*)
 .text.Car_Mode
                0x00000092       0xf6 APP/APP.o
                0x00000092                Car_Mode
 .text.appstart
                0x00000188       0x62 APP/APP.o
                0x00000188                appstart
 .text.__vector_1
                0x000001ea      0x30c APP/APP.o
                0x000001ea                __vector_1
 .text.LED_ON   0x000004f6        0x8 ECUAL/LED/LED.o
                0x000004f6                LED_ON
 .text.LED_OFF  0x000004fe        0x8 ECUAL/LED/LED.o
                0x000004fe                LED_OFF
 .text.Push_Button_Init
                0x00000506       0x1e ECUAL/PUSH_BUTTON/PUSH_BUTTON.o
                0x00000506                Push_Button_Init
 .text.main     0x00000524        0xa main.o
                0x00000524                main
 .text.DIO_u8SetPinDirection
                0x0000052e      0x10c MCAL/DIO/DIO.o
                0x0000052e                DIO_u8SetPinDirection
 .text.DIO_u8SetPinValue
                0x0000063a      0x10c MCAL/DIO/DIO.o
                0x0000063a                DIO_u8SetPinValue
 .text.EXTI_voidINT0Init
                0x00000746       0x14 MCAL/EXT_INT/EXT_INT.o
                0x00000746                EXTI_voidINT0Init
 .text.GI_voidEnable
                0x0000075a        0x8 MCAL/EXT_INT/EXT_INT.o
                0x0000075a                GI_voidEnable
 .text.TMR_voidTime0Init
                0x00000762       0x22 MCAL/TIMER/TIMER.o
                0x00000762                TMR_voidTime0Init
 .text.TMR_voidTime2Init
                0x00000784       0x22 MCAL/TIMER/TIMER.o
                0x00000784                TMR_voidTime2Init
 .text.TMR_5secs_delay
                0x000007a6       0x64 MCAL/TIMER/TIMER.o
                0x000007a6                TMR_5secs_delay
 .text.TMR2_5secs_delay
                0x0000080a       0x64 MCAL/TIMER/TIMER.o
                0x0000080a                TMR2_5secs_delay
 .text.TMR2_1sec_delay
                0x0000086e       0x64 MCAL/TIMER/TIMER.o
                0x0000086e                TMR2_1sec_delay
 .text.TMR_1sec_delay
                0x000008d2       0x64 MCAL/TIMER/TIMER.o
                0x000008d2                TMR_1sec_delay
                0x00000936                . = ALIGN (0x2)
 *(.fini9)
 .fini9         0x00000936        0x0 c:/program files (x86)/atmel/studio/7.0/toolchain/avr8/avr8-gnu-toolchain/bin/../lib/gcc/avr/5.4.0/avr5\libgcc.a(_exit.o)
                0x00000936                _exit
                0x00000936                exit
 *(.fini9)
 *(.fini8)
 *(.fini8)
 *(.fini7)
 *(.fini7)
 *(.fini6)
 *(.fini6)
 *(.fini5)
 *(.fini5)
 *(.fini4)
 *(.fini4)
 *(.fini3)
 *(.fini3)
 *(.fini2)
 *(.fini2)
 *(.fini1)
 *(.fini1)
 *(.fini0)
 .fini0         0x00000936        0x4 c:/program files (x86)/atmel/studio/7.0/toolchain/avr8/avr8-gnu-toolchain/bin/../lib/gcc/avr/5.4.0/avr5\libgcc.a(_exit.o)
 *(.fini0)
                0x0000093a                _etext = .

.data           0x00800060        0x2 load address 0x0000093a
                0x00800060                PROVIDE (__data_start, .)
 *(.data)
 *(.data*)
 .data.current_led
                0x00800060        0x1 APP/APP.o
                0x00800060                current_led
 *(.gnu.linkonce.d*)
 *(.rodata)
 *(.rodata*)
 *(.gnu.linkonce.r*)
                0x00800062                . = ALIGN (0x2)
 *fill*         0x00800061        0x1 
                0x00800062                _edata = .
                0x00800062                PROVIDE (__data_end, .)

.bss            0x00800062        0x9
                0x00800062                PROVIDE (__bss_start, .)
 *(.bss)
 *(.bss*)
 .bss.interrupt_check
                0x00800062        0x1 APP/APP.o
                0x00800062                interrupt_check
 .bss.overflowcounter2
                0x00800063        0x4 MCAL/TIMER/TIMER.o
                0x00800063                overflowcounter2
 .bss.overflowcounter
                0x00800067        0x4 MCAL/TIMER/TIMER.o
                0x00800067                overflowcounter
 *(COMMON)
                0x0080006b                PROVIDE (__bss_end, .)
                0x0000093a                __data_load_start = LOADADDR (.data)
                0x0000093c                __data_load_end = (__data_load_start + SIZEOF (.data))

.noinit         0x0080006b        0x0
                [!provide]                PROVIDE (__noinit_start, .)
 *(.noinit*)
                [!provide]                PROVIDE (__noinit_end, .)
                0x0080006b                _end = .
                [!provide]                PROVIDE (__heap_start, .)

.eeprom         0x00810000        0x0
 *(.eeprom*)
                0x00810000                __eeprom_end = .

.fuse
 *(.fuse)
 *(.lfuse)
 *(.hfuse)
 *(.efuse)

.lock
 *(.lock*)

.signature
 *(.signature*)

.user_signatures
 *(.user_signatures*)

.stab
 *(.stab)

.stabstr
 *(.stabstr)

.stab.excl
 *(.stab.excl)

.stab.exclstr
 *(.stab.exclstr)

.stab.index
 *(.stab.index)

.stab.indexstr
 *(.stab.indexstr)

.comment        0x00000000       0x30
 *(.comment)
 .comment       0x00000000       0x30 APP/APP.o
                                 0x31 (size before relaxing)
 .comment       0x00000030       0x31 ECUAL/LED/LED.o
 .comment       0x00000030       0x31 ECUAL/PUSH_BUTTON/PUSH_BUTTON.o
 .comment       0x00000030       0x31 main.o
 .comment       0x00000030       0x31 MCAL/DIO/DIO.o
 .comment       0x00000030       0x31 MCAL/EXT_INT/EXT_INT.o
 .comment       0x00000030       0x31 MCAL/TIMER/TIMER.o

.note.gnu.avr.deviceinfo
                0x00000000       0x3c
 .note.gnu.avr.deviceinfo
                0x00000000       0x3c C:/Program Files (x86)/Atmel/Studio/7.0/Packs/atmel/ATmega_DFP/1.7.374/gcc/dev/atmega32a/avr5/crtatmega32a.o

.note.gnu.build-id
 *(.note.gnu.build-id)

.debug
 *(.debug)

.line
 *(.line)

.debug_srcinfo
 *(.debug_srcinfo)

.debug_sfnames
 *(.debug_sfnames)

.debug_aranges  0x00000000      0x158
 *(.debug_aranges)
 .debug_aranges
                0x00000000       0x30 APP/APP.o
 .debug_aranges
                0x00000030       0x28 ECUAL/LED/LED.o
 .debug_aranges
                0x00000058       0x20 ECUAL/PUSH_BUTTON/PUSH_BUTTON.o
 .debug_aranges
                0x00000078       0x20 main.o
 .debug_aranges
                0x00000098       0x30 MCAL/DIO/DIO.o
 .debug_aranges
                0x000000c8       0x38 MCAL/EXT_INT/EXT_INT.o
 .debug_aranges
                0x00000100       0x58 MCAL/TIMER/TIMER.o

.debug_pubnames
 *(.debug_pubnames)

.debug_info     0x00000000     0x1aa7
 *(.debug_info .gnu.linkonce.wi.*)
 .debug_info    0x00000000      0x4e6 C:/Program Files (x86)/Atmel/Studio/7.0/Packs/atmel/ATmega_DFP/1.7.374/gcc/dev/atmega32a/avr5/crtatmega32a.o
 .debug_info    0x000004e6      0xe0e APP/APP.o
 .debug_info    0x000012f4      0x157 ECUAL/LED/LED.o
 .debug_info    0x0000144b      0x123 ECUAL/PUSH_BUTTON/PUSH_BUTTON.o
 .debug_info    0x0000156e       0xc0 main.o
 .debug_info    0x0000162e      0x1b5 MCAL/DIO/DIO.o
 .debug_info    0x000017e3       0xee MCAL/EXT_INT/EXT_INT.o
 .debug_info    0x000018d1      0x1d6 MCAL/TIMER/TIMER.o

.debug_abbrev   0x00000000      0x8b9
 *(.debug_abbrev)
 .debug_abbrev  0x00000000      0x4a3 C:/Program Files (x86)/Atmel/Studio/7.0/Packs/atmel/ATmega_DFP/1.7.374/gcc/dev/atmega32a/avr5/crtatmega32a.o
 .debug_abbrev  0x000004a3      0x115 APP/APP.o
 .debug_abbrev  0x000005b8       0x8d ECUAL/LED/LED.o
 .debug_abbrev  0x00000645       0x98 ECUAL/PUSH_BUTTON/PUSH_BUTTON.o
 .debug_abbrev  0x000006dd       0x63 main.o
 .debug_abbrev  0x00000740       0x8b MCAL/DIO/DIO.o
 .debug_abbrev  0x000007cb       0x51 MCAL/EXT_INT/EXT_INT.o
 .debug_abbrev  0x0000081c       0x9d MCAL/TIMER/TIMER.o

.debug_line     0x00000000      0xd55
 *(.debug_line .debug_line.* .debug_line_end)
 .debug_line    0x00000000      0x116 C:/Program Files (x86)/Atmel/Studio/7.0/Packs/atmel/ATmega_DFP/1.7.374/gcc/dev/atmega32a/avr5/crtatmega32a.o
 .debug_line    0x00000116      0x4f2 APP/APP.o
 .debug_line    0x00000608       0xcc ECUAL/LED/LED.o
 .debug_line    0x000006d4       0xd6 ECUAL/PUSH_BUTTON/PUSH_BUTTON.o
 .debug_line    0x000007aa       0x57 main.o
 .debug_line    0x00000801      0x283 MCAL/DIO/DIO.o
 .debug_line    0x00000a84       0xcc MCAL/EXT_INT/EXT_INT.o
 .debug_line    0x00000b50      0x205 MCAL/TIMER/TIMER.o

.debug_frame    0x00000000      0x240
 *(.debug_frame)
 .debug_frame   0x00000000       0x8c APP/APP.o
 .debug_frame   0x0000008c       0x34 ECUAL/LED/LED.o
 .debug_frame   0x000000c0       0x30 ECUAL/PUSH_BUTTON/PUSH_BUTTON.o
 .debug_frame   0x000000f0       0x24 main.o
 .debug_frame   0x00000114       0x44 MCAL/DIO/DIO.o
 .debug_frame   0x00000158       0x54 MCAL/EXT_INT/EXT_INT.o
 .debug_frame   0x000001ac       0x94 MCAL/TIMER/TIMER.o

.debug_str      0x00000000      0x619
 *(.debug_str)
 .debug_str     0x00000000      0x196 C:/Program Files (x86)/Atmel/Studio/7.0/Packs/atmel/ATmega_DFP/1.7.374/gcc/dev/atmega32a/avr5/crtatmega32a.o
 .debug_str     0x00000196      0x284 APP/APP.o
                                0x2c4 (size before relaxing)
 .debug_str     0x0000041a       0x44 ECUAL/LED/LED.o
                                0x1f0 (size before relaxing)
 .debug_str     0x0000045e       0x44 ECUAL/PUSH_BUTTON/PUSH_BUTTON.o
                                0x21a (size before relaxing)
 .debug_str     0x000004a2       0x11 main.o
                                0x1b7 (size before relaxing)
 .debug_str     0x000004b3       0x9e MCAL/DIO/DIO.o
                                0x263 (size before relaxing)
 .debug_str     0x00000551       0x3b MCAL/EXT_INT/EXT_INT.o
                                0x1f8 (size before relaxing)
 .debug_str     0x0000058c       0x8d MCAL/TIMER/TIMER.o
                                0x28e (size before relaxing)

.debug_loc      0x00000000      0x5eb
 *(.debug_loc)
 .debug_loc     0x00000000       0xcb APP/APP.o
 .debug_loc     0x000000cb       0x84 ECUAL/LED/LED.o
 .debug_loc     0x0000014f       0x87 ECUAL/PUSH_BUTTON/PUSH_BUTTON.o
 .debug_loc     0x000001d6      0x415 MCAL/DIO/DIO.o

.debug_macinfo
 *(.debug_macinfo)

.debug_weaknames
 *(.debug_weaknames)

.debug_funcnames
 *(.debug_funcnames)

.debug_typenames
 *(.debug_typenames)

.debug_varnames
 *(.debug_varnames)

.debug_pubtypes
 *(.debug_pubtypes)

.debug_ranges   0x00000000       0xe8
 *(.debug_ranges)
 .debug_ranges  0x00000000       0x20 APP/APP.o
 .debug_ranges  0x00000020       0x18 ECUAL/LED/LED.o
 .debug_ranges  0x00000038       0x10 ECUAL/PUSH_BUTTON/PUSH_BUTTON.o
 .debug_ranges  0x00000048       0x10 main.o
 .debug_ranges  0x00000058       0x20 MCAL/DIO/DIO.o
 .debug_ranges  0x00000078       0x28 MCAL/EXT_INT/EXT_INT.o
 .debug_ranges  0x000000a0       0x48 MCAL/TIMER/TIMER.o

.debug_macro
 *(.debug_macro)
OUTPUT(Traffic FWD.elf elf32-avr)
LOAD linker stubs
